blob_subtype: 3 (FLE2EncryptionPlaceholder)
{"t": {"$numberInt": "2"}, "a": {"$numberInt": "2"}, "ki": {"$binary": {"base64": "EjRWeBI0mHYSNBI0VniQEg==", "subType": "04"}}, "ku": {"$binary": {"base64": "EjRWeBI0mHYSNBI0VniQEg==", "subType": "04"}}, "v": {"$numberInt": "123456"}, "cm": {"$numberLong": "0"}}
t (type): 2 (kFind)
a (algorithm): 2 (Indexed Equality)
ki (IndexKeyId): b'\x124Vx\x124\x98v\x124\x124Vx\x90\x12' 
ku (UserKeyId): b'\x124Vx\x124\x98v\x124\x124Vx\x90\x12' 
v (value): 123456 
cm (max contention counter): 0 
